python : 345 INFO: PyInstaller: 6.16.0, contrib hooks: 2025.9
At line:1 char:1
+ python -m PyInstaller .\app.spec --clean 2>&1 | Tee-Object -FilePath  ...
+ ~~~~~~~~~~~~~~~~~~~~~~~~~~~~~~~~~~~~~~~~~~~~~
    + CategoryInfo          : NotSpecified: (345 INFO: PyIns...b hooks: 2025.9:String) [], RemoteEx 
   ception
    + FullyQualifiedErrorId : NativeCommandError
 
345 INFO: Python: 3.13.9
380 INFO: Platform: Windows-11-10.0.26200-SP0
380 INFO: Python environment: C:\Program 
Files\WindowsApps\PythonSoftwareFoundation.Python.3.13_3.13.2544.0_x64__qbz5n2kfra8p0
384 INFO: Removing temporary files and cleaning cache in C:\Users\HP\AppData\Local\pyinstaller
387 INFO: Module search paths (PYTHONPATH):
['C:\\Projects\\IDS',
 'C:\\Program '
 'Files\\WindowsApps\\PythonSoftwareFoundation.Python.3.13_3.13.2544.0_x64__qbz5n2kfra8p0\\python313
.zip',
 'C:\\Program '
 'Files\\WindowsApps\\PythonSoftwareFoundation.Python.3.13_3.13.2544.0_x64__qbz5n2kfra8p0\\DLLs',
 'C:\\Program '
 'Files\\WindowsApps\\PythonSoftwareFoundation.Python.3.13_3.13.2544.0_x64__qbz5n2kfra8p0\\Lib',
 'C:\\Program '
 'Files\\WindowsApps\\PythonSoftwareFoundation.Python.3.13_3.13.2544.0_x64__qbz5n2kfra8p0',
 'C:\\Users\\HP\\AppData\\Local\\Packages\\PythonSoftwareFoundation.Python.3.13_qbz5n2kfra8p0\\Local
Cache\\local-packages\\Python313\\site-packages',
 'C:\\Program '
 'Files\\WindowsApps\\PythonSoftwareFoundation.Python.3.13_3.13.2544.0_x64__qbz5n2kfra8p0\\Lib\\site
-packages',
 'C:\\Users\\HP\\AppData\\Local\\Packages\\PythonSoftwareFoundation.Python.3.13_qbz5n2kfra8p0\\Local
Cache\\local-packages\\Python313\\site-packages\\setuptools\\_vendor',
 'C:\\Projects\\IDS']
1126 INFO: Appending 'datas' from .spec
1127 INFO: checking Analysis
1127 INFO: Building Analysis because Analysis-00.toc is non existent
1127 INFO: Looking for Python shared library...
1128 INFO: Using Python shared library: C:\Program 
Files\WindowsApps\PythonSoftwareFoundation.Python.3.13_3.13.2544.0_x64__qbz5n2kfra8p0\python313.dll
1128 INFO: Running Analysis Analysis-00.toc
1128 INFO: Target bytecode optimization level: 0
1128 INFO: Initializing module dependency graph...
1130 INFO: Initializing module graph hook caches...
1155 INFO: Analyzing modules for base_library.zip ...
3024 INFO: Processing standard module hook 'hook-encodings.py' from 'C:\\Users\\HP\\AppData\\Local\\
Packages\\PythonSoftwareFoundation.Python.3.13_qbz5n2kfra8p0\\LocalCache\\local-packages\\Python313\
\site-packages\\PyInstaller\\hooks'
4188 INFO: Processing standard module hook 'hook-heapq.py' from 'C:\\Users\\HP\\AppData\\Local\\Pack
ages\\PythonSoftwareFoundation.Python.3.13_qbz5n2kfra8p0\\LocalCache\\local-packages\\Python313\\sit
e-packages\\PyInstaller\\hooks'
6230 INFO: Processing standard module hook 'hook-pickle.py' from 'C:\\Users\\HP\\AppData\\Local\\Pac
kages\\PythonSoftwareFoundation.Python.3.13_qbz5n2kfra8p0\\LocalCache\\local-packages\\Python313\\si
te-packages\\PyInstaller\\hooks'
8261 INFO: Caching module dependency graph...
8320 INFO: Analyzing C:\Projects\IDS\app.py
8881 INFO: Processing pre-safe-import-module hook 'hook-typing_extensions.py' from 'C:\\Users\\HP\\A
ppData\\Local\\Packages\\PythonSoftwareFoundation.Python.3.13_qbz5n2kfra8p0\\LocalCache\\local-packa
ges\\Python313\\site-packages\\PyInstaller\\hooks\\pre_safe_import_module'
8882 INFO: SetuptoolsInfo: initializing cached setuptools info...
14122 INFO: Processing standard module hook 'hook-multiprocessing.util.py' from 'C:\\Users\\HP\\AppD
ata\\Local\\Packages\\PythonSoftwareFoundation.Python.3.13_qbz5n2kfra8p0\\LocalCache\\local-packages
\\Python313\\site-packages\\PyInstaller\\hooks'
14255 INFO: Processing standard module hook 'hook-xml.py' from 'C:\\Users\\HP\\AppData\\Local\\Packa
ges\\PythonSoftwareFoundation.Python.3.13_qbz5n2kfra8p0\\LocalCache\\local-packages\\Python313\\site
-packages\\PyInstaller\\hooks'
14615 INFO: Processing standard module hook 'hook-_ctypes.py' from 'C:\\Users\\HP\\AppData\\Local\\P
ackages\\PythonSoftwareFoundation.Python.3.13_qbz5n2kfra8p0\\LocalCache\\local-packages\\Python313\\
site-packages\\PyInstaller\\hooks'
15762 INFO: Processing standard module hook 'hook-platform.py' from 'C:\\Users\\HP\\AppData\\Local\\
Packages\\PythonSoftwareFoundation.Python.3.13_qbz5n2kfra8p0\\LocalCache\\local-packages\\Python313\
\site-packages\\PyInstaller\\hooks'
15938 INFO: Processing standard module hook 'hook-sysconfig.py' from 'C:\\Users\\HP\\AppData\\Local\
\Packages\\PythonSoftwareFoundation.Python.3.13_qbz5n2kfra8p0\\LocalCache\\local-packages\\Python313
\\site-packages\\PyInstaller\\hooks'
16443 INFO: Processing standard module hook 'hook-difflib.py' from 'C:\\Users\\HP\\AppData\\Local\\P
ackages\\PythonSoftwareFoundation.Python.3.13_qbz5n2kfra8p0\\LocalCache\\local-packages\\Python313\\
site-packages\\PyInstaller\\hooks'
16511 INFO: Processing pre-safe-import-module hook 'hook-importlib_metadata.py' from 'C:\\Users\\HP\
\AppData\\Local\\Packages\\PythonSoftwareFoundation.Python.3.13_qbz5n2kfra8p0\\LocalCache\\local-pac
kages\\Python313\\site-packages\\PyInstaller\\hooks\\pre_safe_import_module'
16511 INFO: Setuptools: 'importlib_metadata' appears to be a setuptools-vendored copy - creating 
alias to 'setuptools._vendor.importlib_metadata'!
16517 INFO: Processing standard module hook 'hook-setuptools.py' from 'C:\\Users\\HP\\AppData\\Local
\\Packages\\PythonSoftwareFoundation.Python.3.13_qbz5n2kfra8p0\\LocalCache\\local-packages\\Python31
3\\site-packages\\PyInstaller\\hooks'
16528 INFO: Processing pre-safe-import-module hook 'hook-distutils.py' from 'C:\\Users\\HP\\AppData\
\Local\\Packages\\PythonSoftwareFoundation.Python.3.13_qbz5n2kfra8p0\\LocalCache\\local-packages\\Py
thon313\\site-packages\\PyInstaller\\hooks\\pre_safe_import_module'
16557 INFO: Processing pre-safe-import-module hook 'hook-jaraco.functools.py' from 'C:\\Users\\HP\\A
ppData\\Local\\Packages\\PythonSoftwareFoundation.Python.3.13_qbz5n2kfra8p0\\LocalCache\\local-packa
ges\\Python313\\site-packages\\PyInstaller\\hooks\\pre_safe_import_module'
16557 INFO: Setuptools: 'jaraco.functools' appears to be a setuptools-vendored copy - creating 
alias to 'setuptools._vendor.jaraco.functools'!
16565 INFO: Processing pre-safe-import-module hook 'hook-more_itertools.py' from 'C:\\Users\\HP\\App
Data\\Local\\Packages\\PythonSoftwareFoundation.Python.3.13_qbz5n2kfra8p0\\LocalCache\\local-package
s\\Python313\\site-packages\\PyInstaller\\hooks\\pre_safe_import_module'
16565 INFO: Setuptools: 'more_itertools' appears to be a setuptools-vendored copy - creating alias 
to 'setuptools._vendor.more_itertools'!
16765 INFO: Processing pre-safe-import-module hook 'hook-packaging.py' from 'C:\\Users\\HP\\AppData\
\Local\\Packages\\PythonSoftwareFoundation.Python.3.13_qbz5n2kfra8p0\\LocalCache\\local-packages\\Py
thon313\\site-packages\\PyInstaller\\hooks\\pre_safe_import_module'
16903 INFO: Processing pre-safe-import-module hook 'hook-jaraco.text.py' from 'C:\\Users\\HP\\AppDat
a\\Local\\Packages\\PythonSoftwareFoundation.Python.3.13_qbz5n2kfra8p0\\LocalCache\\local-packages\\
Python313\\site-packages\\PyInstaller\\hooks\\pre_safe_import_module'
16904 INFO: Setuptools: 'jaraco.text' appears to be a setuptools-vendored copy - creating alias to 
'setuptools._vendor.jaraco.text'!
16911 INFO: Processing standard module hook 'hook-setuptools._vendor.jaraco.text.py' from 'C:\\Users
\\HP\\AppData\\Local\\Packages\\PythonSoftwareFoundation.Python.3.13_qbz5n2kfra8p0\\LocalCache\\loca
l-packages\\Python313\\site-packages\\PyInstaller\\hooks'
16913 INFO: Processing pre-safe-import-module hook 'hook-importlib_resources.py' from 'C:\\Users\\HP
\\AppData\\Local\\Packages\\PythonSoftwareFoundation.Python.3.13_qbz5n2kfra8p0\\LocalCache\\local-pa
ckages\\Python313\\site-packages\\PyInstaller\\hooks\\pre_safe_import_module'
16913 INFO: Processing pre-safe-import-module hook 'hook-jaraco.context.py' from 'C:\\Users\\HP\\App
Data\\Local\\Packages\\PythonSoftwareFoundation.Python.3.13_qbz5n2kfra8p0\\LocalCache\\local-package
s\\Python313\\site-packages\\PyInstaller\\hooks\\pre_safe_import_module'
16913 INFO: Setuptools: 'jaraco.context' appears to be a setuptools-vendored copy - creating alias 
to 'setuptools._vendor.jaraco.context'!
16920 INFO: Processing pre-safe-import-module hook 'hook-backports.tarfile.py' from 'C:\\Users\\HP\\
AppData\\Local\\Packages\\PythonSoftwareFoundation.Python.3.13_qbz5n2kfra8p0\\LocalCache\\local-pack
ages\\Python313\\site-packages\\PyInstaller\\hooks\\pre_safe_import_module'
16921 INFO: Setuptools: 'backports.tarfile' appears to be a setuptools-vendored copy - creating 
alias to 'setuptools._vendor.backports.tarfile'!
16992 INFO: Processing standard module hook 'hook-backports.py' from 'C:\\Users\\HP\\AppData\\Local\
\Packages\\PythonSoftwareFoundation.Python.3.13_qbz5n2kfra8p0\\LocalCache\\local-packages\\Python313
\\site-packages\\_pyinstaller_hooks_contrib\\stdhooks'
17351 INFO: Processing pre-safe-import-module hook 'hook-tomli.py' from 'C:\\Users\\HP\\AppData\\Loc
al\\Packages\\PythonSoftwareFoundation.Python.3.13_qbz5n2kfra8p0\\LocalCache\\local-packages\\Python
313\\site-packages\\PyInstaller\\hooks\\pre_safe_import_module'
17351 INFO: Setuptools: 'tomli' appears to be a setuptools-vendored copy - creating alias to 
'setuptools._vendor.tomli'!
17873 INFO: Processing pre-safe-import-module hook 'hook-wheel.py' from 'C:\\Users\\HP\\AppData\\Loc
al\\Packages\\PythonSoftwareFoundation.Python.3.13_qbz5n2kfra8p0\\LocalCache\\local-packages\\Python
313\\site-packages\\PyInstaller\\hooks\\pre_safe_import_module'
17873 INFO: Setuptools: 'wheel' appears to be a setuptools-vendored copy - creating alias to 
'setuptools._vendor.wheel'!
18139 INFO: Processing standard module hook 'hook-setuptools._vendor.importlib_metadata.py' from 'C:
\\Users\\HP\\AppData\\Local\\Packages\\PythonSoftwareFoundation.Python.3.13_qbz5n2kfra8p0\\LocalCach
e\\local-packages\\Python313\\site-packages\\PyInstaller\\hooks'
18141 INFO: Processing pre-safe-import-module hook 'hook-zipp.py' from 'C:\\Users\\HP\\AppData\\Loca
l\\Packages\\PythonSoftwareFoundation.Python.3.13_qbz5n2kfra8p0\\LocalCache\\local-packages\\Python3
13\\site-packages\\PyInstaller\\hooks\\pre_safe_import_module'
18142 INFO: Setuptools: 'zipp' appears to be a setuptools-vendored copy - creating alias to 
'setuptools._vendor.zipp'!
18343 INFO: Processing standard module hook 'hook-jinja2.py' from 'C:\\Users\\HP\\AppData\\Local\\Pa
ckages\\PythonSoftwareFoundation.Python.3.13_qbz5n2kfra8p0\\LocalCache\\local-packages\\Python313\\s
ite-packages\\_pyinstaller_hooks_contrib\\stdhooks'
19062 INFO: Processing standard module hook 'hook-pandas.py' from 'C:\\Users\\HP\\AppData\\Local\\Pa
ckages\\PythonSoftwareFoundation.Python.3.13_qbz5n2kfra8p0\\LocalCache\\local-packages\\Python313\\s
ite-packages\\PyInstaller\\hooks'
21021 INFO: Processing standard module hook 'hook-numpy.py' from 'C:\\Users\\HP\\AppData\\Local\\Pac
kages\\PythonSoftwareFoundation.Python.3.13_qbz5n2kfra8p0\\LocalCache\\local-packages\\Python313\\si
te-packages\\PyInstaller\\hooks'
26903 INFO: Processing standard module hook 'hook-charset_normalizer.py' from 'C:\\Users\\HP\\AppDat
a\\Local\\Packages\\PythonSoftwareFoundation.Python.3.13_qbz5n2kfra8p0\\LocalCache\\local-packages\\
Python313\\site-packages\\_pyinstaller_hooks_contrib\\stdhooks'
28380 INFO: Processing standard module hook 'hook-pytz.py' from 'C:\\Users\\HP\\AppData\\Local\\Pack
ages\\PythonSoftwareFoundation.Python.3.13_qbz5n2kfra8p0\\LocalCache\\local-packages\\Python313\\sit
e-packages\\PyInstaller\\hooks'
29387 INFO: Processing standard module hook 'hook-scipy.py' from 'C:\\Users\\HP\\AppData\\Local\\Pac
kages\\PythonSoftwareFoundation.Python.3.13_qbz5n2kfra8p0\\LocalCache\\local-packages\\Python313\\si
te-packages\\PyInstaller\\hooks'
34420 INFO: Processing standard module hook 'hook-scipy.linalg.py' from 'C:\\Users\\HP\\AppData\\Loc
al\\Packages\\PythonSoftwareFoundation.Python.3.13_qbz5n2kfra8p0\\LocalCache\\local-packages\\Python
313\\site-packages\\PyInstaller\\hooks'
34843 INFO: Processing standard module hook 'hook-scipy.special._ufuncs.py' from 'C:\\Users\\HP\\App
Data\\Local\\Packages\\PythonSoftwareFoundation.Python.3.13_qbz5n2kfra8p0\\LocalCache\\local-package
s\\Python313\\site-packages\\PyInstaller\\hooks'
38469 INFO: Processing standard module hook 'hook-scipy.spatial._ckdtree.py' from 'C:\\Users\\HP\\Ap
pData\\Local\\Packages\\PythonSoftwareFoundation.Python.3.13_qbz5n2kfra8p0\\LocalCache\\local-packag
es\\Python313\\site-packages\\PyInstaller\\hooks'
39570 INFO: Processing standard module hook 'hook-scipy.spatial.transform.rotation.py' from 'C:\\Use
rs\\HP\\AppData\\Local\\Packages\\PythonSoftwareFoundation.Python.3.13_qbz5n2kfra8p0\\LocalCache\\lo
cal-packages\\Python313\\site-packages\\PyInstaller\\hooks'
40991 INFO: Processing standard module hook 'hook-scipy.stats._stats.py' from 'C:\\Users\\HP\\AppDat
a\\Local\\Packages\\PythonSoftwareFoundation.Python.3.13_qbz5n2kfra8p0\\LocalCache\\local-packages\\
Python313\\site-packages\\PyInstaller\\hooks'
41405 INFO: Processing standard module hook 'hook-scipy.sparse.csgraph.py' from 'C:\\Users\\HP\\AppD
ata\\Local\\Packages\\PythonSoftwareFoundation.Python.3.13_qbz5n2kfra8p0\\LocalCache\\local-packages
\\Python313\\site-packages\\PyInstaller\\hooks'
42406 INFO: Processing standard module hook 'hook-scipy.special._ellip_harm_2.py' from 'C:\\Users\\H
P\\AppData\\Local\\Packages\\PythonSoftwareFoundation.Python.3.13_qbz5n2kfra8p0\\LocalCache\\local-p
ackages\\Python313\\site-packages\\PyInstaller\\hooks'
44180 INFO: Processing standard module hook 'hook-numba.py' from 'C:\\Users\\HP\\AppData\\Local\\Pac
kages\\PythonSoftwareFoundation.Python.3.13_qbz5n2kfra8p0\\LocalCache\\local-packages\\Python313\\si
te-packages\\_pyinstaller_hooks_contrib\\stdhooks'
44223 INFO: Processing standard module hook 'hook-llvmlite.py' from 'C:\\Users\\HP\\AppData\\Local\\
Packages\\PythonSoftwareFoundation.Python.3.13_qbz5n2kfra8p0\\LocalCache\\local-packages\\Python313\
\site-packages\\_pyinstaller_hooks_contrib\\stdhooks'
49373 INFO: Processing pre-safe-import-module hook 'hook-win32com.py' from 'C:\\Users\\HP\\AppData\\
Local\\Packages\\PythonSoftwareFoundation.Python.3.13_qbz5n2kfra8p0\\LocalCache\\local-packages\\Pyt
hon313\\site-packages\\_pyinstaller_hooks_contrib\\pre_safe_import_module'
53042 INFO: Processing standard module hook 'hook-pandas.io.formats.style.py' from 'C:\\Users\\HP\\A
ppData\\Local\\Packages\\PythonSoftwareFoundation.Python.3.13_qbz5n2kfra8p0\\LocalCache\\local-packa
ges\\Python313\\site-packages\\PyInstaller\\hooks'
55988 INFO: Processing standard module hook 'hook-pandas.plotting.py' from 'C:\\Users\\HP\\AppData\\
Local\\Packages\\PythonSoftwareFoundation.Python.3.13_qbz5n2kfra8p0\\LocalCache\\local-packages\\Pyt
hon313\\site-packages\\PyInstaller\\hooks'
57462 INFO: Processing standard module hook 'hook-sqlite3.py' from 'C:\\Users\\HP\\AppData\\Local\\P
ackages\\PythonSoftwareFoundation.Python.3.13_qbz5n2kfra8p0\\LocalCache\\local-packages\\Python313\\
site-packages\\PyInstaller\\hooks'
58078 INFO: Processing standard module hook 'hook-pandas.io.clipboard.py' from 'C:\\Users\\HP\\AppDa
ta\\Local\\Packages\\PythonSoftwareFoundation.Python.3.13_qbz5n2kfra8p0\\LocalCache\\local-packages\
\Python313\\site-packages\\PyInstaller\\hooks'
58478 INFO: Processing standard module hook 'hook-dateutil.py' from 'C:\\Users\\HP\\AppData\\Local\\
Packages\\PythonSoftwareFoundation.Python.3.13_qbz5n2kfra8p0\\LocalCache\\local-packages\\Python313\
\site-packages\\_pyinstaller_hooks_contrib\\stdhooks'
58706 INFO: Processing pre-safe-import-module hook 'hook-six.moves.py' from 'C:\\Users\\HP\\AppData\
\Local\\Packages\\PythonSoftwareFoundation.Python.3.13_qbz5n2kfra8p0\\LocalCache\\local-packages\\Py
thon313\\site-packages\\PyInstaller\\hooks\\pre_safe_import_module'
59150 INFO: Processing standard module hook 'hook-fsspec.py' from 'C:\\Users\\HP\\AppData\\Local\\Pa
ckages\\PythonSoftwareFoundation.Python.3.13_qbz5n2kfra8p0\\LocalCache\\local-packages\\Python313\\s
ite-packages\\_pyinstaller_hooks_contrib\\stdhooks'
60389 INFO: Processing standard module hook 'hook-xml.etree.cElementTree.py' from 'C:\\Users\\HP\\Ap
pData\\Local\\Packages\\PythonSoftwareFoundation.Python.3.13_qbz5n2kfra8p0\\LocalCache\\local-packag
es\\Python313\\site-packages\\PyInstaller\\hooks'
60403 INFO: Processing standard module hook 'hook-xml.dom.domreg.py' from 'C:\\Users\\HP\\AppData\\L
ocal\\Packages\\PythonSoftwareFoundation.Python.3.13_qbz5n2kfra8p0\\LocalCache\\local-packages\\Pyth
on313\\site-packages\\PyInstaller\\hooks'
61111 INFO: Processing standard module hook 'hook-sklearn.py' from 'C:\\Users\\HP\\AppData\\Local\\P
ackages\\PythonSoftwareFoundation.Python.3.13_qbz5n2kfra8p0\\LocalCache\\local-packages\\Python313\\
site-packages\\_pyinstaller_hooks_contrib\\stdhooks'
61723 INFO: Processing standard module hook 'hook-sklearn.utils.py' from 'C:\\Users\\HP\\AppData\\Lo
cal\\Packages\\PythonSoftwareFoundation.Python.3.13_qbz5n2kfra8p0\\LocalCache\\local-packages\\Pytho
n313\\site-packages\\_pyinstaller_hooks_contrib\\stdhooks'
62356 INFO: Processing standard module hook 'hook-sklearn.externals.array_api_compat.numpy.py' from 
'C:\\Users\\HP\\AppData\\Local\\Packages\\PythonSoftwareFoundation.Python.3.13_qbz5n2kfra8p0\\LocalC
ache\\local-packages\\Python313\\site-packages\\_pyinstaller_hooks_contrib\\stdhooks'
62393 INFO: Processing standard module hook 'hook-sklearn.externals.array_api_compat.cupy.py' from '
C:\\Users\\HP\\AppData\\Local\\Packages\\PythonSoftwareFoundation.Python.3.13_qbz5n2kfra8p0\\LocalCa
che\\local-packages\\Python313\\site-packages\\_pyinstaller_hooks_contrib\\stdhooks'
62403 INFO: Processing standard module hook 'hook-sklearn.externals.array_api_compat.torch.py' from 
'C:\\Users\\HP\\AppData\\Local\\Packages\\PythonSoftwareFoundation.Python.3.13_qbz5n2kfra8p0\\LocalC
ache\\local-packages\\Python313\\site-packages\\_pyinstaller_hooks_contrib\\stdhooks'
62431 INFO: Processing standard module hook 'hook-sklearn.externals.array_api_compat.dask.array.py' 
from 'C:\\Users\\HP\\AppData\\Local\\Packages\\PythonSoftwareFoundation.Python.3.13_qbz5n2kfra8p0\\L
ocalCache\\local-packages\\Python313\\site-packages\\_pyinstaller_hooks_contrib\\stdhooks'
62609 INFO: Processing standard module hook 'hook-sklearn.metrics.py' from 'C:\\Users\\HP\\AppData\\
Local\\Packages\\PythonSoftwareFoundation.Python.3.13_qbz5n2kfra8p0\\LocalCache\\local-packages\\Pyt
hon313\\site-packages\\_pyinstaller_hooks_contrib\\stdhooks'
66706 INFO: Processing standard module hook 'hook-sklearn.metrics.cluster.py' from 'C:\\Users\\HP\\A
ppData\\Local\\Packages\\PythonSoftwareFoundation.Python.3.13_qbz5n2kfra8p0\\LocalCache\\local-packa
ges\\Python313\\site-packages\\_pyinstaller_hooks_contrib\\stdhooks'
67042 INFO: Processing standard module hook 'hook-sklearn.cluster.py' from 'C:\\Users\\HP\\AppData\\
Local\\Packages\\PythonSoftwareFoundation.Python.3.13_qbz5n2kfra8p0\\LocalCache\\local-packages\\Pyt
hon313\\site-packages\\_pyinstaller_hooks_contrib\\stdhooks'
67155 INFO: Processing standard module hook 'hook-sklearn.metrics.pairwise.py' from 'C:\\Users\\HP\\
AppData\\Local\\Packages\\PythonSoftwareFoundation.Python.3.13_qbz5n2kfra8p0\\LocalCache\\local-pack
ages\\Python313\\site-packages\\_pyinstaller_hooks_contrib\\stdhooks'
67617 INFO: Processing standard module hook 'hook-sklearn.neighbors.py' from 'C:\\Users\\HP\\AppData
\\Local\\Packages\\PythonSoftwareFoundation.Python.3.13_qbz5n2kfra8p0\\LocalCache\\local-packages\\P
ython313\\site-packages\\_pyinstaller_hooks_contrib\\stdhooks'
67786 INFO: Processing standard module hook 'hook-sklearn.linear_model.py' from 'C:\\Users\\HP\\AppD
ata\\Local\\Packages\\PythonSoftwareFoundation.Python.3.13_qbz5n2kfra8p0\\LocalCache\\local-packages
\\Python313\\site-packages\\_pyinstaller_hooks_contrib\\stdhooks'
69622 INFO: Processing standard module hook 'hook-sklearn.tree.py' from 'C:\\Users\\HP\\AppData\\Loc
al\\Packages\\PythonSoftwareFoundation.Python.3.13_qbz5n2kfra8p0\\LocalCache\\local-packages\\Python
313\\site-packages\\_pyinstaller_hooks_contrib\\stdhooks'
70175 INFO: Processing module hooks (post-graph stage)...
70356 INFO: Processing standard module hook 'hook-urllib3.py' from 'C:\\Users\\HP\\AppData\\Local\\P
ackages\\PythonSoftwareFoundation.Python.3.13_qbz5n2kfra8p0\\LocalCache\\local-packages\\Python313\\
site-packages\\_pyinstaller_hooks_contrib\\stdhooks'
71246 INFO: Processing standard module hook 'hook-certifi.py' from 'C:\\Users\\HP\\AppData\\Local\\P
ackages\\PythonSoftwareFoundation.Python.3.13_qbz5n2kfra8p0\\LocalCache\\local-packages\\Python313\\
site-packages\\_pyinstaller_hooks_contrib\\stdhooks'
71854 WARNING: Hidden import "scipy.special._cdflib" not found!
71955 INFO: Performing binary vs. data reclassification (959 entries)
72060 INFO: Looking for ctypes DLLs
72500 INFO: Analyzing run-time hooks ...
72516 INFO: Including run-time hook 'pyi_rth_inspect.py' from 'C:\\Users\\HP\\AppData\\Local\\Packag
es\\PythonSoftwareFoundation.Python.3.13_qbz5n2kfra8p0\\LocalCache\\local-packages\\Python313\\site-
packages\\PyInstaller\\hooks\\rthooks'
72521 INFO: Including run-time hook 'pyi_rth_pkgutil.py' from 'C:\\Users\\HP\\AppData\\Local\\Packag
es\\PythonSoftwareFoundation.Python.3.13_qbz5n2kfra8p0\\LocalCache\\local-packages\\Python313\\site-
packages\\PyInstaller\\hooks\\rthooks'
72524 INFO: Including run-time hook 'pyi_rth_multiprocessing.py' from 'C:\\Users\\HP\\AppData\\Local
\\Packages\\PythonSoftwareFoundation.Python.3.13_qbz5n2kfra8p0\\LocalCache\\local-packages\\Python31
3\\site-packages\\PyInstaller\\hooks\\rthooks'
72528 INFO: Including run-time hook 'pyi_rth_setuptools.py' from 'C:\\Users\\HP\\AppData\\Local\\Pac
kages\\PythonSoftwareFoundation.Python.3.13_qbz5n2kfra8p0\\LocalCache\\local-packages\\Python313\\si
te-packages\\PyInstaller\\hooks\\rthooks'
72614 INFO: Creating base_library.zip...
72646 INFO: Looking for dynamic libraries
75992 INFO: Extra DLL search directories (AddDllDirectory): ['C:\\Users\\HP\\AppData\\Local\\Package
s\\PythonSoftwareFoundation.Python.3.13_qbz5n2kfra8p0\\LocalCache\\local-packages\\Python313\\site-p
ackages\\numpy.libs', 'C:\\Users\\HP\\AppData\\Local\\Packages\\PythonSoftwareFoundation.Python.3.13
_qbz5n2kfra8p0\\LocalCache\\local-packages\\Python313\\site-packages\\scipy.libs', 'C:\\Users\\HP\\A
ppData\\Local\\Packages\\PythonSoftwareFoundation.Python.3.13_qbz5n2kfra8p0\\LocalCache\\local-packa
ges\\Python313\\site-packages\\pandas.libs', 'C:\\Users\\HP\\AppData\\Local\\Packages\\PythonSoftwar
eFoundation.Python.3.13_qbz5n2kfra8p0\\LocalCache\\local-packages\\Python313\\site-packages\\llvmlit
e.libs']
75993 INFO: Extra DLL search directories (PATH): []
78063 WARNING: Library not found: could not resolve 'tbb12.dll', dependency of 'C:\\Users\\HP\\AppDa
ta\\Local\\Packages\\PythonSoftwareFoundation.Python.3.13_qbz5n2kfra8p0\\LocalCache\\local-packages\
\Python313\\site-packages\\numba\\np\\ufunc\\tbbpool.cp313-win_amd64.pyd'.
78207 INFO: Warnings written to C:\Projects\IDS\build\app\warn-app.txt
78463 INFO: Graph cross-reference written to C:\Projects\IDS\build\app\xref-app.html
78601 INFO: checking PYZ
78601 INFO: Building PYZ because PYZ-00.toc is non existent
78601 INFO: Building PYZ (ZlibArchive) C:\Projects\IDS\build\app\PYZ-00.pyz
81156 INFO: Building PYZ (ZlibArchive) C:\Projects\IDS\build\app\PYZ-00.pyz completed successfully.
81243 INFO: checking PKG
81243 INFO: Building PKG because PKG-00.toc is non existent
81243 INFO: Building PKG (CArchive) app.pkg
139391 INFO: Building PKG (CArchive) app.pkg completed successfully.
139435 INFO: Bootloader C:\Users\HP\AppData\Local\Packages\PythonSoftwareFoundation.Python.3.13_qbz5
n2kfra8p0\LocalCache\local-packages\Python313\site-packages\PyInstaller\bootloader\Windows-64bit-int
el\run.exe
139435 INFO: checking EXE
139435 INFO: Building EXE because EXE-00.toc is non existent
139435 INFO: Building EXE from EXE-00.toc
139454 INFO: Copying bootloader EXE to C:\Projects\IDS\dist\app.exe
139591 INFO: Copying icon to EXE
139687 INFO: Copying 0 resources to EXE
139688 INFO: Embedding manifest in EXE
139778 INFO: Appending PKG archive to EXE
139917 INFO: Fixing EXE headers
146991 INFO: Building EXE from EXE-00.toc completed successfully.
147042 INFO: Build complete! The results are available in: C:\Projects\IDS\dist
